// Vitest Snapshot v1, https://vitest.dev/guide/snapshot.html

exports[`TrashIcon > Should render the TrashIcon 1`] = `
{
  "asFragment": [Function],
  "baseElement": <body>
    <div>
      <svg
        fill="none"
        height="24"
        viewBox="0 0 24 24"
        width="24"
        xmlns="http://www.w3.org/2000/svg"
      >
        <path
          clip-rule="evenodd"
          d="M15.5429 21.0037H8.4571C7.2809 21.0037 6.30301 20.0982 6.21279 18.9254L5.24719 6.37265H18.7528L17.7872 18.9254C17.697 20.0982 16.7191 21.0037 15.5429 21.0037V21.0037Z"
          fill-rule="evenodd"
          stroke="currentColor"
          stroke-linecap="round"
          stroke-linejoin="round"
          stroke-width="1.5"
        />
        <path
          d="M20.0033 6.37264H3.99664"
          stroke="currentColor"
          stroke-linecap="round"
          stroke-linejoin="round"
          stroke-width="1.5"
        />
        <path
          clip-rule="evenodd"
          d="M9.18632 2.99625H14.8137C15.4352 2.99625 15.9391 3.50014 15.9391 4.12172V6.37265H8.06085V4.12172C8.06085 3.50014 8.56474 2.99625 9.18632 2.99625Z"
          fill-rule="evenodd"
          stroke="currentColor"
          stroke-linecap="round"
          stroke-linejoin="round"
          stroke-width="1.5"
        />
        <path
          d="M13.9696 10.8745V16.5019"
          stroke="currentColor"
          stroke-linecap="round"
          stroke-linejoin="round"
          stroke-width="1.5"
        />
        <path
          d="M10.0304 10.8745V16.5019"
          stroke="currentColor"
          stroke-linecap="round"
          stroke-linejoin="round"
          stroke-width="1.5"
        />
      </svg>
    </div>
  </body>,
  "container": <div>
    <svg
      fill="none"
      height="24"
      viewBox="0 0 24 24"
      width="24"
      xmlns="http://www.w3.org/2000/svg"
    >
      <path
        clip-rule="evenodd"
        d="M15.5429 21.0037H8.4571C7.2809 21.0037 6.30301 20.0982 6.21279 18.9254L5.24719 6.37265H18.7528L17.7872 18.9254C17.697 20.0982 16.7191 21.0037 15.5429 21.0037V21.0037Z"
        fill-rule="evenodd"
        stroke="currentColor"
        stroke-linecap="round"
        stroke-linejoin="round"
        stroke-width="1.5"
      />
      <path
        d="M20.0033 6.37264H3.99664"
        stroke="currentColor"
        stroke-linecap="round"
        stroke-linejoin="round"
        stroke-width="1.5"
      />
      <path
        clip-rule="evenodd"
        d="M9.18632 2.99625H14.8137C15.4352 2.99625 15.9391 3.50014 15.9391 4.12172V6.37265H8.06085V4.12172C8.06085 3.50014 8.56474 2.99625 9.18632 2.99625Z"
        fill-rule="evenodd"
        stroke="currentColor"
        stroke-linecap="round"
        stroke-linejoin="round"
        stroke-width="1.5"
      />
      <path
        d="M13.9696 10.8745V16.5019"
        stroke="currentColor"
        stroke-linecap="round"
        stroke-linejoin="round"
        stroke-width="1.5"
      />
      <path
        d="M10.0304 10.8745V16.5019"
        stroke="currentColor"
        stroke-linecap="round"
        stroke-linejoin="round"
        stroke-width="1.5"
      />
    </svg>
  </div>,
  "debug": [Function],
  "findAllByAltText": [Function],
  "findAllByDisplayValue": [Function],
  "findAllByLabelText": [Function],
  "findAllByPlaceholderText": [Function],
  "findAllByRole": [Function],
  "findAllByTestId": [Function],
  "findAllByText": [Function],
  "findAllByTitle": [Function],
  "findByAltText": [Function],
  "findByDisplayValue": [Function],
  "findByLabelText": [Function],
  "findByPlaceholderText": [Function],
  "findByRole": [Function],
  "findByTestId": [Function],
  "findByText": [Function],
  "findByTitle": [Function],
  "getAllByAltText": [Function],
  "getAllByDisplayValue": [Function],
  "getAllByLabelText": [Function],
  "getAllByPlaceholderText": [Function],
  "getAllByRole": [Function],
  "getAllByTestId": [Function],
  "getAllByText": [Function],
  "getAllByTitle": [Function],
  "getByAltText": [Function],
  "getByDisplayValue": [Function],
  "getByLabelText": [Function],
  "getByPlaceholderText": [Function],
  "getByRole": [Function],
  "getByTestId": [Function],
  "getByText": [Function],
  "getByTitle": [Function],
  "queryAllByAltText": [Function],
  "queryAllByDisplayValue": [Function],
  "queryAllByLabelText": [Function],
  "queryAllByPlaceholderText": [Function],
  "queryAllByRole": [Function],
  "queryAllByTestId": [Function],
  "queryAllByText": [Function],
  "queryAllByTitle": [Function],
  "queryByAltText": [Function],
  "queryByDisplayValue": [Function],
  "queryByLabelText": [Function],
  "queryByPlaceholderText": [Function],
  "queryByRole": [Function],
  "queryByTestId": [Function],
  "queryByText": [Function],
  "queryByTitle": [Function],
  "rerender": [Function],
  "unmount": [Function],
}
`;
